Traceback (most recent call last):
  File "C:\laragon\bin\python\python-3.10\lib\site-packages\jupyter_cache\executors\utils.py", line 58, in single_nb_execution
    executenb(
  File "C:\laragon\bin\python\python-3.10\lib\site-packages\nbclient\client.py", line 1323, in execute
    return NotebookClient(nb=nb, resources=resources, km=km, **kwargs).execute()
  File "C:\laragon\bin\python\python-3.10\lib\site-packages\jupyter_core\utils\__init__.py", line 165, in wrapped
    return loop.run_until_complete(inner)
  File "C:\laragon\bin\python\python-3.10\lib\asyncio\base_events.py", line 646, in run_until_complete
    return future.result()
  File "C:\laragon\bin\python\python-3.10\lib\site-packages\nbclient\client.py", line 709, in async_execute
    await self.async_execute_cell(
  File "C:\laragon\bin\python\python-3.10\lib\site-packages\nbclient\client.py", line 1062, in async_execute_cell
    await self._check_raise_for_error(cell, cell_index, exec_reply)
  File "C:\laragon\bin\python\python-3.10\lib\site-packages\nbclient\client.py", line 918, in _check_raise_for_error
    raise CellExecutionError.from_cell_and_msg(cell, exec_reply_content)
nbclient.exceptions.CellExecutionError: An error occurred while executing the following cell:
------------------
import pandas as pd
import numpy as np
import inspect
import tsfel.feature_extraction.features as tsfel_features

pol = "NO2"
fs = 1  # 1 observasi per hari

FEATURE_LIST = """abs_energy auc autocorr average_power calc_centroid calc_max calc_mean
calc_median calc_min calc_std calc_var dfa distance ecdf ecdf_percentile ecdf_percentile_count
ecdf_slope entropy fundamental_frequency higuchi_fractal_dimension hist_mode human_range_energy
hurst_exponent interq_range kurtosis lempel_ziv lpcc max_frequency max_power_spectrum
maximum_fractal_length mean_abs_deviation mean_abs_diff mean_diff median_abs_deviation
median_abs_diff median_diff median_frequency mfcc mse negative_turning neighbourhood_peaks
petrosian_fractal_dimension pk_pk_distance positive_turning power_bandwidth rms skewness slope
spectral_centroid spectral_decrease spectral_distance spectral_entropy spectral_kurtosis
spectral_positive_turning spectral_roll_off spectral_roll_on spectral_skewness spectral_slope
spectral_spread spectral_variation spectrogram_mean_coeff sum_abs_diff wavelet_abs_mean
wavelet_energy wavelet_entropy wavelet_std wavelet_var zero_cross""".split()

print("Jumlah fitur yang diminta:", len(FEATURE_LIST))

def to_scalar(result):
    if isinstance(result, dict) and "values" in result:
        result = result["values"]
    if isinstance(result, (list, tuple, np.ndarray)):
        return float(np.nanmean(np.asarray(result, dtype=float)))
    return float(result)

def extract_one(fn_name, signal, fs):
    fn = getattr(tsfel_features, fn_name)
    params = inspect.signature(fn).parameters
    result = fn(signal, fs) if "fs" in params else fn(signal)
    return to_scalar(result)

df_imp = pd.read_csv(f"{pol}_Kamal_Timeseries_imputed.csv")
df_imp["date"] = pd.to_datetime(df_imp["date"])
df_imp = df_imp.sort_values("date").reset_index(drop=True)
df_imp[pol] = pd.to_numeric(df_imp[pol], errors="coerce")

Q1, Q3 = df_imp[pol].quantile(0.25), df_imp[pol].quantile(0.75)
IQR = Q3 - Q1
df_imp.loc[(df_imp[pol] < Q1 - 1.5*IQR) | (df_imp[pol] > Q3 + 1.5*IQR), pol] = np.nan
df_clean = df_imp.set_index("date").interpolate(method="time").ffill().bfill()
signal_1d = df_clean[pol].astype(float).values

row = {fn_name: extract_one(fn_name, signal_1d, fs) for fn_name in FEATURE_LIST}
result_df = pd.DataFrame([row])

print(f"Berhasil! Jumlah fitur yang dihasilkan untuk {pol}: {result_df.shape[1]}")
result_df.to_csv(f"{pol}_Kamal_TSFEL.csv", index=False)
------------------

----- stdout -----
Jumlah fitur yang diminta: 68
------------------

[1;31m---------------------------------------------------------------------------[0m
[1;31mTypeError[0m                                 Traceback (most recent call last)
Cell [1;32mIn[3], line 47[0m
[0;32m     44[0m df_clean [38;5;241m=[39m df_imp[38;5;241m.[39mset_index([38;5;124m"[39m[38;5;124mdate[39m[38;5;124m"[39m)[38;5;241m.[39minterpolate(method[38;5;241m=[39m[38;5;124m"[39m[38;5;124mtime[39m[38;5;124m"[39m)[38;5;241m.[39mffill()[38;5;241m.[39mbfill()
[0;32m     45[0m signal_1d [38;5;241m=[39m df_clean[pol][38;5;241m.[39mastype([38;5;28mfloat[39m)[38;5;241m.[39mvalues
[1;32m---> 47[0m row [38;5;241m=[39m {fn_name: extract_one(fn_name, signal_1d, fs) [38;5;28;01mfor[39;00m fn_name [38;5;129;01min[39;00m FEATURE_LIST}
[0;32m     48[0m result_df [38;5;241m=[39m pd[38;5;241m.[39mDataFrame([row])
[0;32m     50[0m [38;5;28mprint[39m([38;5;124mf[39m[38;5;124m"[39m[38;5;124mBerhasil! Jumlah fitur yang dihasilkan untuk [39m[38;5;132;01m{[39;00mpol[38;5;132;01m}[39;00m[38;5;124m: [39m[38;5;132;01m{[39;00mresult_df[38;5;241m.[39mshape[[38;5;241m1[39m][38;5;132;01m}[39;00m[38;5;124m"[39m)

Cell [1;32mIn[3], line 47[0m, in [0;36m<dictcomp>[1;34m(.0)[0m
[0;32m     44[0m df_clean [38;5;241m=[39m df_imp[38;5;241m.[39mset_index([38;5;124m"[39m[38;5;124mdate[39m[38;5;124m"[39m)[38;5;241m.[39minterpolate(method[38;5;241m=[39m[38;5;124m"[39m[38;5;124mtime[39m[38;5;124m"[39m)[38;5;241m.[39mffill()[38;5;241m.[39mbfill()
[0;32m     45[0m signal_1d [38;5;241m=[39m df_clean[pol][38;5;241m.[39mastype([38;5;28mfloat[39m)[38;5;241m.[39mvalues
[1;32m---> 47[0m row [38;5;241m=[39m {fn_name: [43mextract_one[49m[43m([49m[43mfn_name[49m[43m,[49m[43m [49m[43msignal_1d[49m[43m,[49m[43m [49m[43mfs[49m[43m)[49m [38;5;28;01mfor[39;00m fn_name [38;5;129;01min[39;00m FEATURE_LIST}
[0;32m     48[0m result_df [38;5;241m=[39m pd[38;5;241m.[39mDataFrame([row])
[0;32m     50[0m [38;5;28mprint[39m([38;5;124mf[39m[38;5;124m"[39m[38;5;124mBerhasil! Jumlah fitur yang dihasilkan untuk [39m[38;5;132;01m{[39;00mpol[38;5;132;01m}[39;00m[38;5;124m: [39m[38;5;132;01m{[39;00mresult_df[38;5;241m.[39mshape[[38;5;241m1[39m][38;5;132;01m}[39;00m[38;5;124m"[39m)

Cell [1;32mIn[3], line 34[0m, in [0;36mextract_one[1;34m(fn_name, signal, fs)[0m
[0;32m     32[0m params [38;5;241m=[39m inspect[38;5;241m.[39msignature(fn)[38;5;241m.[39mparameters
[0;32m     33[0m result [38;5;241m=[39m fn(signal, fs) [38;5;28;01mif[39;00m [38;5;124m"[39m[38;5;124mfs[39m[38;5;124m"[39m [38;5;129;01min[39;00m params [38;5;28;01melse[39;00m fn(signal)
[1;32m---> 34[0m [38;5;28;01mreturn[39;00m [43mto_scalar[49m[43m([49m[43mresult[49m[43m)[49m

Cell [1;32mIn[3], line 28[0m, in [0;36mto_scalar[1;34m(result)[0m
[0;32m     26[0m [38;5;28;01mif[39;00m [38;5;28misinstance[39m(result, ([38;5;28mlist[39m, [38;5;28mtuple[39m, np[38;5;241m.[39mndarray)):
[0;32m     27[0m     [38;5;28;01mreturn[39;00m [38;5;28mfloat[39m(np[38;5;241m.[39mnanmean(np[38;5;241m.[39masarray(result, dtype[38;5;241m=[39m[38;5;28mfloat[39m)))
[1;32m---> 28[0m [38;5;28;01mreturn[39;00m [38;5;28;43mfloat[39;49m[43m([49m[43mresult[49m[43m)[49m

[1;31mTypeError[0m: float() argument must be a string or a real number, not 'NoneType'

