Traceback (most recent call last):
  File "C:\laragon\bin\python\python-3.10\lib\site-packages\jupyter_cache\executors\utils.py", line 58, in single_nb_execution
    executenb(
  File "C:\laragon\bin\python\python-3.10\lib\site-packages\nbclient\client.py", line 1323, in execute
    return NotebookClient(nb=nb, resources=resources, km=km, **kwargs).execute()
  File "C:\laragon\bin\python\python-3.10\lib\site-packages\jupyter_core\utils\__init__.py", line 165, in wrapped
    return loop.run_until_complete(inner)
  File "C:\laragon\bin\python\python-3.10\lib\asyncio\base_events.py", line 646, in run_until_complete
    return future.result()
  File "C:\laragon\bin\python\python-3.10\lib\site-packages\nbclient\client.py", line 709, in async_execute
    await self.async_execute_cell(
  File "C:\laragon\bin\python\python-3.10\lib\site-packages\nbclient\client.py", line 1062, in async_execute_cell
    await self._check_raise_for_error(cell, cell_index, exec_reply)
  File "C:\laragon\bin\python\python-3.10\lib\site-packages\nbclient\client.py", line 918, in _check_raise_for_error
    raise CellExecutionError.from_cell_and_msg(cell, exec_reply_content)
nbclient.exceptions.CellExecutionError: An error occurred while executing the following cell:
------------------
from pathlib import Path
import rasterio

# Cari GeoTIFF di folder kerja atau subfolder materi.
nama_tif = 'sentinel2A_komposit.tif'
kandidat_tif = [Path(nama_tif), Path('materi') / nama_tif]
TIF = next((path for path in kandidat_tif if path.exists()), kandidat_tif[0])

if not TIF.exists():
    print('GeoTIFF belum ditemukan.')
    print('Lokasi yang diperiksa:')
    for path in kandidat_tif:
        print(f'  - {path.resolve()}')
    print('Sel selesai tanpa error. Tambahkan file GeoTIFF sebelum menjalankan Random Forest.')
else:
    with rasterio.open(TIF) as src:
        jumlah_band = src.count
        ukuran_citra = (src.width, src.height)
        crs_citra = src.crs

    print(f'GeoTIFF ditemukan: {TIF.resolve()}')
    print(f'Ukuran citra: {ukuran_citra[0]} x {ukuran_citra[1]} piksel')
    print(f'Jumlah band: {jumlah_band}')
    print(f'CRS: {crs_citra}')

    if jumlah_band != 10:
        raise ValueError(
            f'GeoTIFF memiliki {jumlah_band} band. Model memerlukan 10 band: '
            'B2, B3, B4, B8, B11, B12, NDVI, NDWI, MNDWI, NDBI.'
        )
    print('Fitur: B2, B3, B4, B8, B11, B12, NDVI, NDWI, MNDWI, NDBI')
    print('Lanjutkan ke sel Random Forest.')
------------------


[1;31m---------------------------------------------------------------------------[0m
[1;31mModuleNotFoundError[0m                       Traceback (most recent call last)
Cell [1;32mIn[1], line 2[0m
[0;32m      1[0m [38;5;28;01mfrom[39;00m[38;5;250m [39m[38;5;21;01mpathlib[39;00m[38;5;250m [39m[38;5;28;01mimport[39;00m Path
[1;32m----> 2[0m [38;5;28;01mimport[39;00m[38;5;250m [39m[38;5;21;01mrasterio[39;00m
[0;32m      4[0m [38;5;66;03m# Cari GeoTIFF di folder kerja atau subfolder materi.[39;00m
[0;32m      5[0m nama_tif [38;5;241m=[39m [38;5;124m'[39m[38;5;124msentinel2A_komposit.tif[39m[38;5;124m'[39m

[1;31mModuleNotFoundError[0m: No module named 'rasterio'

