Traceback (most recent call last):
  File "C:\laragon\bin\python\python-3.10\lib\site-packages\jupyter_cache\executors\utils.py", line 58, in single_nb_execution
    executenb(
  File "C:\laragon\bin\python\python-3.10\lib\site-packages\nbclient\client.py", line 1323, in execute
    return NotebookClient(nb=nb, resources=resources, km=km, **kwargs).execute()
  File "C:\laragon\bin\python\python-3.10\lib\site-packages\jupyter_core\utils\__init__.py", line 165, in wrapped
    return loop.run_until_complete(inner)
  File "C:\laragon\bin\python\python-3.10\lib\asyncio\base_events.py", line 646, in run_until_complete
    return future.result()
  File "C:\laragon\bin\python\python-3.10\lib\site-packages\nbclient\client.py", line 709, in async_execute
    await self.async_execute_cell(
  File "C:\laragon\bin\python\python-3.10\lib\site-packages\nbclient\client.py", line 1062, in async_execute_cell
    await self._check_raise_for_error(cell, cell_index, exec_reply)
  File "C:\laragon\bin\python\python-3.10\lib\site-packages\nbclient\client.py", line 918, in _check_raise_for_error
    raise CellExecutionError.from_cell_and_msg(cell, exec_reply_content)
nbclient.exceptions.CellExecutionError: An error occurred while executing the following cell:
------------------
!pip install pandas sqlalchemy psycopg2-binary

import pandas as pd
from sqlalchemy import create_engine, text

# 1. Baca ketiga file CSV
# Pastikan nama file SO2 dan CO sudah sesuai dengan yang Anda miliki
df_no2 = pd.read_csv('NO2_KAMAL-UTM.csv')
df_so2 = pd.read_csv('SO2_KAMAL-UTM.csv') # Ganti jika nama file berbeda
df_co = pd.read_csv('CO_KAMAL-UTM.csv')   # Ganti jika nama file berbeda

# 2. Gabungkan (Merge) ketiga dataframe berdasarkan 'date' dan 'feature_index'
# Menggunakan 'outer' join agar tanggal yang ada di satu file tapi tidak ada di file lain tetap masuk (menjadi NaN/Null)
df_gabung = pd.merge(df_no2, df_so2, on=['date', 'feature_index'], how='outer')
df_gabung = pd.merge(df_gabung, df_co, on=['date', 'feature_index'], how='outer')

print("Data berhasil digabung! Berikut 5 baris pertamanya:")
print(df_gabung.head())

# 3. Konfigurasi Koneksi Database
# PENTING: Ganti dengan URL database Anda yang aktif!
DATABASE_URI = "masukan url aiven anda"
engine = create_engine(DATABASE_URI)
table_name = 'kualitas_udara_kamal'

# 4. Hapus (Drop) tabel lama jika sudah ada, lalu unggah data baru
try:
    with engine.connect() as conn:
        # Hapus tabel lama agar bersih
        conn.execute(text(f"DROP TABLE IF EXISTS {table_name};"))
        conn.commit()
        print(f"Tabel lama '{table_name}' berhasil dihapus (jika ada).")
    
    # Upload data yang sudah digabung (if_exists='replace' juga otomatis menimpa tabel)
    df_gabung.to_sql(name=table_name, con=engine, if_exists='replace', index=False)
    print(f"Tabel baru '{table_name}' berhasil dibuat dan data telah diunggah!")

except Exception as e:
    print(f"Terjadi kesalahan pada database: {e}")
------------------

----- stderr -----

[notice] A new release of pip is available: 26.0.1 -> 26.2.1
[notice] To update, run: python.exe -m pip install --upgrade pip
----- stdout -----
Requirement already satisfied: pandas in c:\laragon\bin\python\python-3.10\lib\site-packages (2.3.3)
Requirement already satisfied: sqlalchemy in c:\laragon\bin\python\python-3.10\lib\site-packages (2.0.44)
Requirement already satisfied: psycopg2-binary in c:\laragon\bin\python\python-3.10\lib\site-packages (2.9.13)
Requirement already satisfied: numpy>=1.22.4 in c:\laragon\bin\python\python-3.10\lib\site-packages (from pandas) (2.2.6)
Requirement already satisfied: python-dateutil>=2.8.2 in c:\laragon\bin\python\python-3.10\lib\site-packages (from pandas) (2.9.0.post0)
Requirement already satisfied: pytz>=2020.1 in c:\laragon\bin\python\python-3.10\lib\site-packages (from pandas) (2025.2)
Requirement already satisfied: tzdata>=2022.7 in c:\laragon\bin\python\python-3.10\lib\site-packages (from pandas) (2025.3)
Requirement already satisfied: greenlet>=1 in c:\laragon\bin\python\python-3.10\lib\site-packages (from sqlalchemy) (3.3.0)
Requirement already satisfied: typing-extensions>=4.6.0 in c:\laragon\bin\python\python-3.10\lib\site-packages (from sqlalchemy) (4.15.0)
Requirement already satisfied: six>=1.5 in c:\laragon\bin\python\python-3.10\lib\site-packages (from python-dateutil>=2.8.2->pandas) (1.17.0)
----- stdout -----
Data berhasil digabung! Berikut 5 baris pertamanya:
                       date  feature_index       NO2       SO2        CO
0  2025-08-24T00:00:00.000Z              0       NaN       NaN       NaN
1  2025-08-25T00:00:00.000Z              0  0.000020  0.000272  0.028240
2  2025-08-26T00:00:00.000Z              0  0.000035 -0.002125       NaN
3  2025-08-27T00:00:00.000Z              0  0.000086  0.000169  0.030417
4  2025-08-28T00:00:00.000Z              0  0.000010  0.000109  0.025137
------------------

[1;31m---------------------------------------------------------------------------[0m
[1;31mArgumentError[0m                             Traceback (most recent call last)
Cell [1;32mIn[1], line 23[0m
[0;32m     20[0m [38;5;66;03m# 3. Konfigurasi Koneksi Database[39;00m
[0;32m     21[0m [38;5;66;03m# PENTING: Ganti dengan URL database Anda yang aktif![39;00m
[0;32m     22[0m DATABASE_URI [38;5;241m=[39m [38;5;124m"[39m[38;5;124mmasukan url aiven anda[39m[38;5;124m"[39m
[1;32m---> 23[0m engine [38;5;241m=[39m [43mcreate_engine[49m[43m([49m[43mDATABASE_URI[49m[43m)[49m
[0;32m     24[0m table_name [38;5;241m=[39m [38;5;124m'[39m[38;5;124mkualitas_udara_kamal[39m[38;5;124m'[39m
[0;32m     26[0m [38;5;66;03m# 4. Hapus (Drop) tabel lama jika sudah ada, lalu unggah data baru[39;00m

File [1;32m<string>:2[0m, in [0;36mcreate_engine[1;34m(url, **kwargs)[0m

File [1;32mC:\laragon\bin\python\python-3.10\lib\site-packages\sqlalchemy\util\deprecations.py:281[0m, in [0;36mdeprecated_params.<locals>.decorate.<locals>.warned[1;34m(fn, *args, **kwargs)[0m
[0;32m    274[0m     [38;5;28;01mif[39;00m m [38;5;129;01min[39;00m kwargs:
[0;32m    275[0m         _warn_with_version(
[0;32m    276[0m             messages[m],
[0;32m    277[0m             versions[m],
[0;32m    278[0m             version_warnings[m],
[0;32m    279[0m             stacklevel[38;5;241m=[39m[38;5;241m3[39m,
[0;32m    280[0m         )
[1;32m--> 281[0m [38;5;28;01mreturn[39;00m fn([38;5;241m*[39margs, [38;5;241m*[39m[38;5;241m*[39mkwargs)

File [1;32mC:\laragon\bin\python\python-3.10\lib\site-packages\sqlalchemy\engine\create.py:564[0m, in [0;36mcreate_engine[1;34m(url, **kwargs)[0m
[0;32m    561[0m kwargs[38;5;241m.[39mpop([38;5;124m"[39m[38;5;124mempty_in_strategy[39m[38;5;124m"[39m, [38;5;28;01mNone[39;00m)
[0;32m    563[0m [38;5;66;03m# create url.URL object[39;00m
[1;32m--> 564[0m u [38;5;241m=[39m [43m_url[49m[38;5;241;43m.[39;49m[43mmake_url[49m[43m([49m[43murl[49m[43m)[49m
[0;32m    566[0m u, plugins, kwargs [38;5;241m=[39m u[38;5;241m.[39m_instantiate_plugins(kwargs)
[0;32m    568[0m entrypoint [38;5;241m=[39m u[38;5;241m.[39m_get_entrypoint()

File [1;32mC:\laragon\bin\python\python-3.10\lib\site-packages\sqlalchemy\engine\url.py:856[0m, in [0;36mmake_url[1;34m(name_or_url)[0m
[0;32m    840[0m [38;5;250m[39m[38;5;124;03m"""Given a string, produce a new URL instance.[39;00m
[0;32m    841[0m 
[0;32m    842[0m [38;5;124;03mThe format of the URL generally follows `RFC-1738[39;00m
[1;32m   (...)[0m
[0;32m    852[0m 
[0;32m    853[0m [38;5;124;03m"""[39;00m
[0;32m    855[0m [38;5;28;01mif[39;00m [38;5;28misinstance[39m(name_or_url, [38;5;28mstr[39m):
[1;32m--> 856[0m     [38;5;28;01mreturn[39;00m [43m_parse_url[49m[43m([49m[43mname_or_url[49m[43m)[49m
[0;32m    857[0m [38;5;28;01melif[39;00m [38;5;129;01mnot[39;00m [38;5;28misinstance[39m(name_or_url, URL) [38;5;129;01mand[39;00m [38;5;129;01mnot[39;00m [38;5;28mhasattr[39m(
[0;32m    858[0m     name_or_url, [38;5;124m"[39m[38;5;124m_sqla_is_testing_if_this_is_a_mock_object[39m[38;5;124m"[39m
[0;32m    859[0m ):
[0;32m    860[0m     [38;5;28;01mraise[39;00m exc[38;5;241m.[39mArgumentError(
[0;32m    861[0m         [38;5;124mf[39m[38;5;124m"[39m[38;5;124mExpected string or URL object, got [39m[38;5;132;01m{[39;00mname_or_url[38;5;132;01m!r}[39;00m[38;5;124m"[39m
[0;32m    862[0m     )

File [1;32mC:\laragon\bin\python\python-3.10\lib\site-packages\sqlalchemy\engine\url.py:922[0m, in [0;36m_parse_url[1;34m(name)[0m
[0;32m    919[0m     [38;5;28;01mreturn[39;00m URL[38;5;241m.[39mcreate(name, [38;5;241m*[39m[38;5;241m*[39mcomponents)  [38;5;66;03m# type: ignore[39;00m
[0;32m    921[0m [38;5;28;01melse[39;00m:
[1;32m--> 922[0m     [38;5;28;01mraise[39;00m exc[38;5;241m.[39mArgumentError(
[0;32m    923[0m         [38;5;124m"[39m[38;5;124mCould not parse SQLAlchemy URL from given URL string[39m[38;5;124m"[39m
[0;32m    924[0m     )

[1;31mArgumentError[0m: Could not parse SQLAlchemy URL from given URL string

